Script started on 2018-06-06 20:51:47-0600
]0;thomas.newton@csa2:~/CPSC355/A3thomas.newton@csa2:~/CPSC355/A3$ gdb[Kthomas.newton@csa2:~/CPSC355/A3$ gdb assign3
GNU gdb (GDB) Fedora 8.0-13.fc26
Copyright (C) 2017 Free Software Foundation, Inc.
License GPLv3+: GNU GPL version 3 or later <http://gnu.org/licenses/gpl.html>
This is free software: you are free to change and redistribute it.
There is NO WARRANTY, to the extent permitted by law.  Type "show copying"
and "show warranty" for details.
This GDB was configured as "aarch64-redhat-linux-gnu".
Type "show configuration" for configuration details.
For bug reporting instructions, please see:
<http://www.gnu.org/software/gdb/bugs/>.
Find the GDB manual and other documentation resources online at:
<http://www.gnu.org/software/gdb/documentation/>.
For help, type "help".
Type "apropos word" to search for commands related to "word"...
Reading symbols from assign3...done.
(gdb) ds[Kisplay/i $pc
1: x/i $pc
<error: No registers.>
(gdb) b 60
Breakpoint 1 at 0x400660: file assign3.s, line 60.
(gdb) r
Starting program: /home/ugd/thomas.newton/CPSC355/A3/assign3 
v[0]: 103
v[1]: 198
v[2]: 105
v[3]: 115
v[4]: 81
v[5]: 255
v[6]: 74
v[7]: 236
v[8]: 41
v[9]: 205
v[10]: 186
v[11]: 171
v[12]: 242
v[13]: 251
v[14]: 227
v[15]: 70
v[16]: 124
v[17]: 194
v[18]: 84
v[19]: 248
v[20]: 27
v[21]: 232
v[22]: 231
v[23]: 141
v[24]: 118
v[25]: 90
v[26]: 46
v[27]: 99
v[28]: 51
v[29]: 159
v[30]: 201
v[31]: 154
v[32]: 102
v[33]: 50
v[34]: 13
v[35]: 183
v[36]: 49
v[37]: 88
v[38]: 163
v[39]: 90
v[40]: 37
v[41]: 93
v[42]: 5
v[43]: 23
v[44]: 88
v[45]: 233
v[46]: 94
v[47]: 212
v[48]: 171
v[49]: 178

Breakpoint 1, check1 () at assign3.s:60
60		str	WZR, [x29, 16]				// Set w19 = 0
1: x/i $pc
=> 0x400660 <check1+8>:	str	wzr, [x29, #16]
(gdb) x/50w $x29+32
0xfffffffff080:	103	198	105	115
0xfffffffff090:	81	255	74	236
0xfffffffff0a0:	41	205	186	171
0xfffffffff0b0:	242	251	227	70
0xfffffffff0c0:	124	194	84	248
0xfffffffff0d0:	27	232	231	141
0xfffffffff0e0:	118	90	46	99
0xfffffffff0f0:	51	159	201	154
0xfffffffff100:	102	50	13	183
0xfffffffff110:	49	88	163	90
0xfffffffff120:	37	93	5	23
0xfffffffff130:	88	233	94	212
0xfffffffff140:	171	178
(gdb) clear
Deleted breakpoint 1 
(gdb) b 105
Breakpoint 2 at 0x4006e0: file assign3.s, line 105.
(gdb) r[Kc
Continuing.

Sorted array:

Breakpoint 2, check2 () at assign3.s:105
105		str	WZR, [x29, 16]				// Set w19 = 0
1: x/i $pc
=> 0x4006e0 <check2+20>:	str	wzr, [x29, #16]
(gdb) cb 105clearx/50w $x29+32
0xfffffffff080:	5	13	23	27
0xfffffffff090:	37	41	46	49
0xfffffffff0a0:	50	51	70	74
0xfffffffff0b0:	81	84	88	88
0xfffffffff0c0:	90	90	93	94
0xfffffffff0d0:	99	102	103	105
0xfffffffff0e0:	115	118	124	141
0xfffffffff0f0:	154	159	163	171
0xfffffffff100:	171	178	183	186
0xfffffffff110:	194	198	201	205
0xfffffffff120:	212	227	231	232
0xfffffffff130:	233	236	242	248
0xfffffffff140:	251	255
(gdb) clear
Deleted breakpoint 2 
(gdb) c
Continuing.
v[0]: 5
v[1]: 13
v[2]: 23
v[3]: 27
v[4]: 37
v[5]: 41
v[6]: 46
v[7]: 49
v[8]: 50
v[9]: 51
v[10]: 70
v[11]: 74
v[12]: 81
v[13]: 84
v[14]: 88
v[15]: 88
v[16]: 90
v[17]: 90
v[18]: 93
v[19]: 94
v[20]: 99
v[21]: 102
v[22]: 103
v[23]: 105
v[24]: 115
v[25]: 118
v[26]: 124
v[27]: 141
v[28]: 154
v[29]: 159
v[30]: 163
v[31]: 171
v[32]: 171
v[33]: 178
v[34]: 183
v[35]: 186
v[36]: 194
v[37]: 198
v[38]: 201
v[39]: 205
v[40]: 212
v[41]: 227
v[42]: 231
v[43]: 232
v[44]: 233
v[45]: 236
v[46]: 242
v[47]: 248
v[48]: 251
v[49]: 255
[Inferior 1 (process 2359) exited normally]
(gdb) quit
]0;thomas.newton@csa2:~/CPSC355/A3thomas.newton@csa2:~/CPSC355/A3$ exit
exit

Script done on 2018-06-06 20:53:49-0600
